<!DOCTYPE html>
<html lang="en">

<head>
  <meta charset="utf-8">
  <title>Comment</title>
</head>

<body>
  <!-- comment -->
</body>

</html>
