<!DOCTYPE html>
<html lang="en">

<head>
  <meta charset="utf-8">
  <title>Home</title>
</head>

<body>
  <h1>Home</h1>
  <p><a href="/post.html">Post</a></p>
</body>

</html>
