<!DOCTYPE html>
<html lang="en">

<head>
  <meta charset="utf-8">
  <title>Post title</title>
</head>

<body>
  <p>hello</p>

<!-- more -->

<p>world</p>

</body>

</html>
